// Jest Snapshot v1, https://goo.gl/fbAQLP

exports[`Prueba TodoListItem Debe mostrarse correctamente 1`] = `
<li
  className="list-group-item"
>
  <p
    className="false"
    onClick={[Function]}
  >
    2
    .- 
    Aprender React
  </p>
  <button
    className="btn btn-danger"
    onClick={[Function]}
    type="button"
  >
    Borrar
  </button>
</li>
`;
