// Jest Snapshot v1, https://goo.gl/fbAQLP

exports[`Prueba TodoAdd Debe mostrarse correctamente 1`] = `
<Fragment>
  <h4>
    Agregar TODO
  </h4>
  <hr />
  <form
    onSubmit={[Function]}
  >
    <input
      autoComplete="off"
      className="form-control"
      name="desc"
      onChange={[Function]}
      placeholder="Aprender..."
      type="text"
      value=""
    />
    <div
      className="d-grid gap-2"
    >
      <button
        className="btn btn-outline-primary btn-block mt-3"
        type="submit"
      >
        Agregar
      </button>
    </div>
  </form>
</Fragment>
`;
