// Jest Snapshot v1, https://goo.gl/fbAQLP

exports[`Pruebas en HomeScreen Debe mostrar el componente Correctamente 1`] = `
<div>
  <h1>
    HomeScreen
  </h1>
  <hr />
  <pre>
    {
    "name": "Daniel",
    "email": "dgorianz@gmail.com"
}
  </pre>
</div>
`;
